AR hw6_top behavioral C:/Users/User/Documents/BYOC_HIT/HW6/Src_4ISE/HW6_top.vhd sub00/vhpl11 1558255668
EN clock_driver NULL C:/Users/User/Documents/BYOC_HIT/HW6/Src_4ISE/BYOC_Clock_driver.vhd sub00/vhpl02 1558255659
EN dual_port_memory_no_ck_read NULL C:/Users/User/Documents/BYOC_HIT/HW6/Src_4ISE/dual_port_memory_HIT.vhd sub00/vhpl00 1558255657
EN hw6_top NULL C:/Users/User/Documents/BYOC_HIT/HW6/Src_4ISE/HW6_top.vhd sub00/vhpl10 1558255667
EN mips_alu NULL C:/Users/User/Documents/BYOC_HIT/HW6/Src_4ISE/MIPS_ALU_HIT.vhd sub00/vhpl08 1558255665
AR fetch_unit behavioral C:/Users/User/Documents/BYOC_HIT/HW6/Src_4ISE/fetch_unit_imp.vhd sub00/vhpl05 1558255662
EN fetch_unit NULL C:/Users/User/Documents/BYOC_HIT/HW6/Src_4ISE/fetch_unit_imp.vhd sub00/vhpl04 1558255661
AR gpr behavioral C:/Users/User/Documents/BYOC_HIT/HW6/Src_4ISE/GPR_HIT.vhd sub00/vhpl07 1558255664
AR mips_alu behavioral C:/Users/User/Documents/BYOC_HIT/HW6/Src_4ISE/MIPS_ALU_HIT.vhd sub00/vhpl09 1558255666
AR dual_port_memory_no_ck_read dual_port_memory C:/Users/User/Documents/BYOC_HIT/HW6/Src_4ISE/dual_port_memory_HIT.vhd sub00/vhpl01 1558255658
EN gpr NULL C:/Users/User/Documents/BYOC_HIT/HW6/Src_4ISE/GPR_HIT.vhd sub00/vhpl06 1558255663
AR clock_driver clock_divider C:/Users/User/Documents/BYOC_HIT/HW6/Src_4ISE/BYOC_Clock_driver.vhd sub00/vhpl03 1558255660
