AR hw6_top behavioral C:/Users/User/Documents/BYOC_HIT/HW6/Src_4ISE/HW6_top.vhd sub00/vhpl11 1558251298
EN clock_driver NULL C:/Users/User/Documents/BYOC_HIT/HW6/Src_4ISE/BYOC_Clock_driver.vhd sub00/vhpl02 1558251289
EN dual_port_memory_no_ck_read NULL C:/Users/User/Documents/BYOC_HIT/HW6/Src_4ISE/dual_port_memory_HIT.vhd sub00/vhpl00 1558251287
EN hw6_top NULL C:/Users/User/Documents/BYOC_HIT/HW6/Src_4ISE/HW6_top.vhd sub00/vhpl10 1558251297
EN mips_alu NULL C:/Users/User/Documents/BYOC_HIT/HW6/Src_4ISE/MIPS_ALU_HIT.vhd sub00/vhpl08 1558251295
AR fetch_unit behavioral C:/Users/User/Documents/BYOC_HIT/HW6/Src_4ISE/fetch_unit_imp.vhd sub00/vhpl05 1558251292
EN fetch_unit NULL C:/Users/User/Documents/BYOC_HIT/HW6/Src_4ISE/fetch_unit_imp.vhd sub00/vhpl04 1558251291
AR gpr behavioral C:/Users/User/Documents/BYOC_HIT/HW6/Src_4ISE/GPR_HIT.vhd sub00/vhpl07 1558251294
AR mips_alu behavioral C:/Users/User/Documents/BYOC_HIT/HW6/Src_4ISE/MIPS_ALU_HIT.vhd sub00/vhpl09 1558251296
AR dual_port_memory_no_ck_read dual_port_memory C:/Users/User/Documents/BYOC_HIT/HW6/Src_4ISE/dual_port_memory_HIT.vhd sub00/vhpl01 1558251288
EN gpr NULL C:/Users/User/Documents/BYOC_HIT/HW6/Src_4ISE/GPR_HIT.vhd sub00/vhpl06 1558251293
AR clock_driver clock_divider C:/Users/User/Documents/BYOC_HIT/HW6/Src_4ISE/BYOC_Clock_driver.vhd sub00/vhpl03 1558251290
