V3 26
FL C:/Users/User/Documents/BYOC_HIT/HW6/Src_4ISE/BYOC_Clock_driver.vhd 2018/11/03.13:54:21 P.20131013
EN work/Clock_Driver 1558251289 \
      FL C:/Users/User/Documents/BYOC_HIT/HW6/Src_4ISE/BYOC_Clock_driver.vhd \
      PB ieee/std_logic_1164 1381692176 PB ieee/STD_LOGIC_UNSIGNED 1381692179 \
      PB ieee/std_logic_arith 1381692177 PB ieee/NUMERIC_STD 1381692181 LB unisim \
      PH unisim/VCOMPONENTS 1381692182
AR work/Clock_Driver/clock_divider 1558251290 \
      FL C:/Users/User/Documents/BYOC_HIT/HW6/Src_4ISE/BYOC_Clock_driver.vhd \
      EN work/Clock_Driver 1558251289 CP BUFG
FL C:/Users/User/Documents/BYOC_HIT/HW6/Src_4ISE/dual_port_memory_HIT.vhd 2019/05/06.18:25:48 P.20131013
EN work/dual_port_memory_no_CK_read 1558251287 \
      FL C:/Users/User/Documents/BYOC_HIT/HW6/Src_4ISE/dual_port_memory_HIT.vhd \
      PB ieee/std_logic_1164 1381692176 PB ieee/std_logic_arith 1381692177
AR work/dual_port_memory_no_CK_read/dual_port_memory 1558251288 \
      FL C:/Users/User/Documents/BYOC_HIT/HW6/Src_4ISE/dual_port_memory_HIT.vhd \
      EN work/dual_port_memory_no_CK_read 1558251287
FL C:/Users/User/Documents/BYOC_HIT/HW6/Src_4ISE/fetch_unit_imp.vhd 2019/05/08.11:42:26 P.20131013
EN work/Fetch_Unit 1558251291 \
      FL C:/Users/User/Documents/BYOC_HIT/HW6/Src_4ISE/fetch_unit_imp.vhd \
      PB ieee/std_logic_1164 1381692176 PB ieee/std_logic_arith 1381692177 \
      PB ieee/STD_LOGIC_UNSIGNED 1381692179
AR work/Fetch_Unit/Behavioral 1558251292 \
      FL C:/Users/User/Documents/BYOC_HIT/HW6/Src_4ISE/fetch_unit_imp.vhd \
      EN work/Fetch_Unit 1558251291
FL C:/Users/User/Documents/BYOC_HIT/HW6/Src_4ISE/GPR_HIT.vhd 2019/05/08.12:43:31 P.20131013
EN work/GPR 1558251293 \
      FL C:/Users/User/Documents/BYOC_HIT/HW6/Src_4ISE/GPR_HIT.vhd \
      PB ieee/std_logic_1164 1381692176 PB ieee/std_logic_arith 1381692177 \
      PB ieee/STD_LOGIC_UNSIGNED 1381692179
AR work/GPR/Behavioral 1558251294 \
      FL C:/Users/User/Documents/BYOC_HIT/HW6/Src_4ISE/GPR_HIT.vhd EN work/GPR 1558251293 \
      CP dual_port_memory_no_CK_read
FL C:/Users/User/Documents/BYOC_HIT/HW6/Src_4ISE/HW6_top.vhd 2019/05/19.10:34:38 P.20131013
EN work/HW6_top 1558251297 \
      FL C:/Users/User/Documents/BYOC_HIT/HW6/Src_4ISE/HW6_top.vhd \
      PB ieee/std_logic_1164 1381692176 PB ieee/STD_LOGIC_UNSIGNED 1381692179 \
      PB ieee/std_logic_arith 1381692177
AR work/HW6_top/Behavioral 1558251298 \
      FL C:/Users/User/Documents/BYOC_HIT/HW6/Src_4ISE/HW6_top.vhd \
      EN work/HW6_top 1558251297 CP Clock_Driver CP BYOC_Host_intf CP Fetch_Unit \
      CP GPR CP MIPS_ALU
FL C:/Users/User/Documents/BYOC_HIT/HW6/Src_4ISE/MIPS_ALU_HIT.vhd 2019/05/07.14:56:02 P.20131013
EN work/MIPS_ALU 1558251295 \
      FL C:/Users/User/Documents/BYOC_HIT/HW6/Src_4ISE/MIPS_ALU_HIT.vhd \
      PB ieee/std_logic_1164 1381692176 PB ieee/std_logic_arith 1381692177 \
      PB ieee/STD_LOGIC_UNSIGNED 1381692179
AR work/MIPS_ALU/Behavioral 1558251296 \
      FL C:/Users/User/Documents/BYOC_HIT/HW6/Src_4ISE/MIPS_ALU_HIT.vhd \
      EN work/MIPS_ALU 1558251295
