AR hw4_top behavioral C:/Users/User/Documents/BYOC_HIT/HW4/Src_4ISE/HW4_top.vhd sub00/vhpl11 1557642936
EN clock_driver NULL C:/Users/User/Documents/BYOC_HIT/HW4/Src_4ISE/BYOC_Clock_driver.vhd sub00/vhpl02 1557642927
EN dual_port_memory_no_ck_read NULL C:/Users/User/Documents/BYOC_HIT/HW4/Src_4ISE/dual_port_memory_HIT.vhd sub00/vhpl00 1557642925
EN mips_alu NULL C:/Users/User/Documents/BYOC_HIT/HW4/Src_4ISE/MIPS_ALU_HIT.vhd sub00/vhpl08 1557642933
AR fetch_unit behavioral C:/Users/User/Documents/BYOC_HIT/HW4/Src_4ISE/fetch_unit_imp.vhd sub00/vhpl05 1557642930
EN fetch_unit NULL C:/Users/User/Documents/BYOC_HIT/HW4/Src_4ISE/fetch_unit_imp.vhd sub00/vhpl04 1557642929
AR gpr behavioral C:/Users/User/Documents/BYOC_HIT/HW4/Src_4ISE/GPR_HIT.vhd sub00/vhpl07 1557642932
AR mips_alu behavioral C:/Users/User/Documents/BYOC_HIT/HW4/Src_4ISE/MIPS_ALU_HIT.vhd sub00/vhpl09 1557642934
AR dual_port_memory_no_ck_read dual_port_memory C:/Users/User/Documents/BYOC_HIT/HW4/Src_4ISE/dual_port_memory_HIT.vhd sub00/vhpl01 1557642926
EN gpr NULL C:/Users/User/Documents/BYOC_HIT/HW4/Src_4ISE/GPR_HIT.vhd sub00/vhpl06 1557642931
EN hw4_top NULL C:/Users/User/Documents/BYOC_HIT/HW4/Src_4ISE/HW4_top.vhd sub00/vhpl10 1557642935
AR clock_driver clock_divider C:/Users/User/Documents/BYOC_HIT/HW4/Src_4ISE/BYOC_Clock_driver.vhd sub00/vhpl03 1557642928
