V3 26
FL C:/Users/User/Documents/VHDL/HW4/Src_4ISE/BYOC_Clock_driver.vhd 2018/11/03.13:54:22 P.20131013
EN work/Clock_Driver 1557164206 \
      FL C:/Users/User/Documents/VHDL/HW4/Src_4ISE/BYOC_Clock_driver.vhd \
      PB ieee/std_logic_1164 1381692176 PB ieee/STD_LOGIC_UNSIGNED 1381692179 \
      PB ieee/std_logic_arith 1381692177 PB ieee/NUMERIC_STD 1381692181 LB unisim \
      PH unisim/VCOMPONENTS 1381692182
AR work/Clock_Driver/clock_divider 1557164207 \
      FL C:/Users/User/Documents/VHDL/HW4/Src_4ISE/BYOC_Clock_driver.vhd \
      EN work/Clock_Driver 1557164206 CP BUFG
FL C:/Users/User/Documents/VHDL/HW4/Src_4ISE/dual_port_memory_HIT.vhd 2019/05/06.18:25:48 P.20131013
EN work/dual_port_memory_no_CK_read 1557164204 \
      FL C:/Users/User/Documents/VHDL/HW4/Src_4ISE/dual_port_memory_HIT.vhd \
      PB ieee/std_logic_1164 1381692176 PB ieee/std_logic_arith 1381692177
AR work/dual_port_memory_no_CK_read/dual_port_memory 1557164205 \
      FL C:/Users/User/Documents/VHDL/HW4/Src_4ISE/dual_port_memory_HIT.vhd \
      EN work/dual_port_memory_no_CK_read 1557164204
FL C:/Users/User/Documents/VHDL/HW4/Src_4ISE/fetch_unit_imp.vhd 2019/05/06.18:25:48 P.20131013
EN work/Fetch_Unit 1557164208 \
      FL C:/Users/User/Documents/VHDL/HW4/Src_4ISE/fetch_unit_imp.vhd \
      PB ieee/std_logic_1164 1381692176 PB ieee/std_logic_arith 1381692177 \
      PB ieee/STD_LOGIC_UNSIGNED 1381692179
AR work/Fetch_Unit/Behavioral 1557164209 \
      FL C:/Users/User/Documents/VHDL/HW4/Src_4ISE/fetch_unit_imp.vhd \
      EN work/Fetch_Unit 1557164208
FL C:/Users/User/Documents/VHDL/HW4/Src_4ISE/GPR_HIT.vhd 2019/05/06.18:25:48 P.20131013
EN work/GPR 1557164210 FL C:/Users/User/Documents/VHDL/HW4/Src_4ISE/GPR_HIT.vhd \
      PB ieee/std_logic_1164 1381692176 PB ieee/std_logic_arith 1381692177 \
      PB ieee/STD_LOGIC_UNSIGNED 1381692179
AR work/GPR/Behavioral 1557164211 \
      FL C:/Users/User/Documents/VHDL/HW4/Src_4ISE/GPR_HIT.vhd EN work/GPR 1557164210 \
      CP dual_port_memory_no_CK_read
FL C:/Users/User/Documents/VHDL/HW4/Src_4ISE/HW4_top.vhd 2019/05/06.20:36:39 P.20131013
EN work/HW4_top 1557164214 \
      FL C:/Users/User/Documents/VHDL/HW4/Src_4ISE/HW4_top.vhd \
      PB ieee/std_logic_arith 1381692177 PB ieee/STD_LOGIC_UNSIGNED 1381692179 \
      PB ieee/std_logic_1164 1381692176
AR work/HW4_top/Behavioral 1557164215 \
      FL C:/Users/User/Documents/VHDL/HW4/Src_4ISE/HW4_top.vhd EN work/HW4_top 1557164214 \
      CP Clock_Driver CP BYOC_Host_intf CP Fetch_Unit CP GPR CP MIPS_ALU
FL C:/Users/User/Documents/VHDL/HW4/Src_4ISE/MIPS_ALU_HIT.vhd 2019/05/06.18:25:48 P.20131013
EN work/MIPS_ALU 1557164212 \
      FL C:/Users/User/Documents/VHDL/HW4/Src_4ISE/MIPS_ALU_HIT.vhd \
      PB ieee/std_logic_1164 1381692176 PB ieee/std_logic_arith 1381692177 \
      PB ieee/STD_LOGIC_UNSIGNED 1381692179
AR work/MIPS_ALU/Behavioral 1557164213 \
      FL C:/Users/User/Documents/VHDL/HW4/Src_4ISE/MIPS_ALU_HIT.vhd \
      EN work/MIPS_ALU 1557164212
