Release 14.7 - xst P.20131013 (nt64)
Copyright (c) 1995-2013 Xilinx, Inc.  All rights reserved.
--> Parameter TMPDIR set to xst/projnav.tmp


Total REAL time to Xst completion: 0.00 secs
Total CPU time to Xst completion: 0.14 secs
 
--> Parameter xsthdpdir set to xst


Total REAL time to Xst completion: 0.00 secs
Total CPU time to Xst completion: 0.15 secs
 
--> Reading design: HW6_top.prj

TABLE OF CONTENTS
  1) Synthesis Options Summary
  2) HDL Compilation
  3) Design Hierarchy Analysis
  4) HDL Analysis
  5) HDL Synthesis
     5.1) HDL Synthesis Report
  6) Advanced HDL Synthesis
     6.1) Advanced HDL Synthesis Report
  7) Low Level Synthesis
  8) Partition Report
  9) Final Report
	9.1) Device utilization summary
	9.2) Partition Resource Summary
	9.3) TIMING REPORT


=========================================================================
*                      Synthesis Options Summary                        *
=========================================================================
---- Source Parameters
Input File Name                    : "HW6_top.prj"
Input Format                       : mixed
Ignore Synthesis Constraint File   : NO

---- Target Parameters
Output File Name                   : "HW6_top"
Output Format                      : NGC
Target Device                      : xc3s500e-5-fg320

---- Source Options
Top Module Name                    : HW6_top
Automatic FSM Extraction           : YES
FSM Encoding Algorithm             : Auto
Safe Implementation                : No
FSM Style                          : LUT
RAM Extraction                     : Yes
RAM Style                          : Auto
ROM Extraction                     : Yes
Mux Style                          : Auto
Decoder Extraction                 : YES
Priority Encoder Extraction        : Yes
Shift Register Extraction          : YES
Logical Shifter Extraction         : YES
XOR Collapsing                     : YES
ROM Style                          : Auto
Mux Extraction                     : Yes
Resource Sharing                   : YES
Asynchronous To Synchronous        : NO
Multiplier Style                   : Auto
Automatic Register Balancing       : No

---- Target Options
Add IO Buffers                     : YES
Global Maximum Fanout              : 100000
Add Generic Clock Buffer(BUFG)     : 24
Register Duplication               : YES
Slice Packing                      : YES
Optimize Instantiated Primitives   : NO
Use Clock Enable                   : Yes
Use Synchronous Set                : Yes
Use Synchronous Reset              : Yes
Pack IO Registers into IOBs        : Auto
Equivalent register Removal        : YES

---- General Options
Optimization Goal                  : Speed
Optimization Effort                : 1
Keep Hierarchy                     : No
Netlist Hierarchy                  : As_Optimized
RTL Output                         : Yes
Global Optimization                : AllClockNets
Read Cores                         : YES
Write Timing Constraints           : NO
Cross Clock Analysis               : NO
Hierarchy Separator                : /
Bus Delimiter                      : <>
Case Specifier                     : Maintain
Slice Utilization Ratio            : 100
BRAM Utilization Ratio             : 100
Verilog 2001                       : YES
Auto BRAM Packing                  : NO
Slice Utilization Ratio Delta      : 5

---- Other Options
Cores Search Directories           : {"../Src_4ISE"  }

=========================================================================


=========================================================================
*                          HDL Compilation                              *
=========================================================================
Compiling vhdl file "C:/Users/User/Documents/BYOC_HIT/HW6/Src_4ISE/dual_port_memory_HIT.vhd" in Library work.
Architecture dual_port_memory of Entity dual_port_memory_no_ck_read is up to date.
Compiling vhdl file "C:/Users/User/Documents/BYOC_HIT/HW6/Src_4ISE/BYOC_Clock_driver.vhd" in Library work.
Architecture clock_divider of Entity clock_driver is up to date.
Compiling vhdl file "C:/Users/User/Documents/BYOC_HIT/HW6/Src_4ISE/fetch_unit_imp.vhd" in Library work.
Architecture behavioral of Entity fetch_unit is up to date.
Compiling vhdl file "C:/Users/User/Documents/BYOC_HIT/HW6/Src_4ISE/GPR_HIT.vhd" in Library work.
Architecture behavioral of Entity gpr is up to date.
Compiling vhdl file "C:/Users/User/Documents/BYOC_HIT/HW6/Src_4ISE/MIPS_ALU_HIT.vhd" in Library work.
Architecture behavioral of Entity mips_alu is up to date.
Compiling vhdl file "C:/Users/User/Documents/BYOC_HIT/HW6/Src_4ISE/HW6_top.vhd" in Library work.
Entity <hw6_top> compiled.
Entity <hw6_top> (Architecture <behavioral>) compiled.

=========================================================================
*                     Design Hierarchy Analysis                         *
=========================================================================
Analyzing hierarchy for entity <HW6_top> in library <work> (architecture <behavioral>).

Analyzing hierarchy for entity <Clock_Driver> in library <work> (architecture <clock_divider>).

Analyzing hierarchy for entity <Fetch_Unit> in library <work> (architecture <behavioral>).

Analyzing hierarchy for entity <GPR> in library <work> (architecture <behavioral>).

Analyzing hierarchy for entity <MIPS_ALU> in library <work> (architecture <behavioral>).

Analyzing hierarchy for entity <dual_port_memory_no_CK_read> in library <work> (architecture <dual_port_memory>) with generics.
	depth = 32
	width = 32


=========================================================================
*                            HDL Analysis                               *
=========================================================================
Analyzing Entity <HW6_top> in library <work> (Architecture <behavioral>).
WARNING:Xst:2211 - "C:/Users/User/Documents/BYOC_HIT/HW6/Src_4ISE/HW6_top.vhd" line 439: Instantiating black box module <BYOC_Host_intf>.
WARNING:Xst:819 - "C:/Users/User/Documents/BYOC_HIT/HW6/Src_4ISE/HW6_top.vhd" line 750: One or more signals are missing in the process sensitivity list. To enable synthesis of FPGA/CPLD hardware, XST will assume that all necessary signals are present in the sensitivity list. Please note that the result of the synthesis may differ from the initial design specification. The missing signals are:
   <ALUout_reg>, <A_reg>
WARNING:Xst:819 - "C:/Users/User/Documents/BYOC_HIT/HW6/Src_4ISE/HW6_top.vhd" line 762: One or more signals are missing in the process sensitivity list. To enable synthesis of FPGA/CPLD hardware, XST will assume that all necessary signals are present in the sensitivity list. Please note that the result of the synthesis may differ from the initial design specification. The missing signals are:
   <ALUout_reg>, <B_reg>
Entity <HW6_top> analyzed. Unit <HW6_top> generated.

Analyzing Entity <Clock_Driver> in library <work> (Architecture <clock_divider>).
Entity <Clock_Driver> analyzed. Unit <Clock_Driver> generated.

Analyzing Entity <Fetch_Unit> in library <work> (Architecture <behavioral>).
Entity <Fetch_Unit> analyzed. Unit <Fetch_Unit> generated.

Analyzing Entity <GPR> in library <work> (Architecture <behavioral>).
Entity <GPR> analyzed. Unit <GPR> generated.

Analyzing generic Entity <dual_port_memory_no_CK_read> in library <work> (Architecture <dual_port_memory>).
	depth = 32
	width = 32
Entity <dual_port_memory_no_CK_read> analyzed. Unit <dual_port_memory_no_CK_read> generated.

Analyzing Entity <MIPS_ALU> in library <work> (Architecture <behavioral>).
Entity <MIPS_ALU> analyzed. Unit <MIPS_ALU> generated.


=========================================================================
*                           HDL Synthesis                               *
=========================================================================

Performing bidirectional port resolution...

Synthesizing Unit <Fetch_Unit>.
    Related source file is "C:/Users/User/Documents/BYOC_HIT/HW6/Src_4ISE/fetch_unit_imp.vhd".
WARNING:Xst:1780 - Signal <rdbk_vec2> is never used or assigned. This unconnected signal will be trimmed during the optimization process.
WARNING:Xst:646 - Signal <rdbk_vec1> is assigned but never used. This unconnected signal will be trimmed during the optimization process.
    Using one-hot encoding for signal <PC_Source>.
    Found 32-bit adder for signal <branch_adrs>.
    Found 32-bit adder for signal <PC_plus_4>.
    Found 32-bit register for signal <PC_plus_4_pID>.
    Found 32-bit register for signal <PC_reg>.
    Summary:
	inferred  32 D-type flip-flop(s).
	inferred   2 Adder/Subtractor(s).
Unit <Fetch_Unit> synthesized.


Synthesizing Unit <MIPS_ALU>.
    Related source file is "C:/Users/User/Documents/BYOC_HIT/HW6/Src_4ISE/MIPS_ALU_HIT.vhd".
WARNING:Xst:646 - Signal <sub_rslt<31:0>> is assigned but never used. This unconnected signal will be trimmed during the optimization process.
WARNING:Xst:1780 - Signal <LUI> is never used or assigned. This unconnected signal will be trimmed during the optimization process.
WARNING:Xst:1780 - Signal <JAL> is never used or assigned. This unconnected signal will be trimmed during the optimization process.
    Using one-hot encoding for signal <ALU_cmd>.
    Found 8-bit 4-to-1 multiplexer for signal <ALU_cmd>.
    Found 32-bit addsub for signal <ALU_output$addsub0000>.
    Found 32-bit xor2 for signal <ALU_output$xor0000> created at line 117.
    Found 33-bit subtractor for signal <sub_rslt>.
    Summary:
	inferred   2 Adder/Subtractor(s).
	inferred   8 Multiplexer(s).
Unit <MIPS_ALU> synthesized.


Synthesizing Unit <dual_port_memory_no_CK_read>.
    Related source file is "C:/Users/User/Documents/BYOC_HIT/HW6/Src_4ISE/dual_port_memory_HIT.vhd".
    Found 32x32-bit dual-port RAM <Mram_Memory_array> for signal <Memory_array>.
    Found 32x32-bit dual-port RAM <Mram_Memory_array_ren> for signal <Memory_array>.
    Summary:
	inferred   2 RAM(s).
Unit <dual_port_memory_no_CK_read> synthesized.


Synthesizing Unit <Clock_Driver>.
    Related source file is "C:/Users/User/Documents/BYOC_HIT/HW6/Src_4ISE/BYOC_Clock_driver.vhd".
    Found 1-bit register for signal <half_ck_signal>.
    Summary:
	inferred   1 D-type flip-flop(s).
Unit <Clock_Driver> synthesized.


Synthesizing Unit <GPR>.
    Related source file is "C:/Users/User/Documents/BYOC_HIT/HW6/Src_4ISE/GPR_HIT.vhd".
WARNING:Xst:1780 - Signal <Equal> is never used or assigned. This unconnected signal will be trimmed during the optimization process.
    Found 32-bit 4-to-1 multiplexer for signal <GPR_data_out1>.
    Found 5-bit comparator equal for signal <GPR_data_out1$cmp_eq0001> created at line 73.
    Found 32-bit 4-to-1 multiplexer for signal <GPR_data_out2>.
    Found 5-bit comparator equal for signal <GPR_data_out2$cmp_eq0001> created at line 98.
    Summary:
	inferred   2 Comparator(s).
	inferred  64 Multiplexer(s).
Unit <GPR> synthesized.


Synthesizing Unit <HW6_top>.
    Related source file is "C:/Users/User/Documents/BYOC_HIT/HW6/Src_4ISE/HW6_top.vhd".
WARNING:Xst:1780 - Signal <rt_tmp> is never used or assigned. This unconnected signal will be trimmed during the optimization process.
WARNING:Xst:646 - Signal <leds_out_from_host_intf<7>> is assigned but never used. This unconnected signal will be trimmed during the optimization process.
    Found 16-bit tristate buffer for signal <Flash_data>.
    Found 32-bit register for signal <A_reg>.
    Found 32-bit 4-to-1 multiplexer for signal <A_reg_wt_fwd>.
    Found 5-bit comparator equal for signal <A_reg_wt_fwd$cmp_eq0000> created at line 752.
    Found 5-bit comparator equal for signal <A_reg_wt_fwd$cmp_eq0001> created at line 753.
    Found 2-bit register for signal <ALUOP_pEX>.
    Found 32-bit register for signal <ALUout_reg>.
    Found 32-bit register for signal <ALUout_reg_pWB>.
    Found 1-bit register for signal <ALUsrcB_pEX>.
    Found 32-bit register for signal <B_reg>.
    Found 32-bit register for signal <B_reg_pMEM>.
    Found 32-bit 4-to-1 multiplexer for signal <B_reg_pMEM$mux0002>.
    Found 32-bit 4-to-1 multiplexer for signal <B_reg_wt_fwd>.
    Found 5-bit comparator equal for signal <B_reg_wt_fwd$cmp_eq0000> created at line 764.
    Found 5-bit comparator equal for signal <B_reg_wt_fwd$cmp_eq0001> created at line 765.
    Found 6-bit register for signal <Funct_pEX>.
    Found 5-bit comparator equal for signal <GPR_rd_data1_wt_fwd$cmp_eq0000> created at line 621.
    Found 5-bit comparator equal for signal <GPR_rd_data2_wt_fwd$cmp_eq0000> created at line 631.
    Found 32-bit 4-to-1 multiplexer for signal <GPR_wr_data>.
    Found 1-bit register for signal <JAL_pEX>.
    Found 1-bit register for signal <JAL_pMEM>.
    Found 1-bit register for signal <JAL_pWB>.
    Found 1-bit register for signal <MemToReg_pEX>.
    Found 1-bit register for signal <MemToReg_pMEM>.
    Found 1-bit register for signal <MemToReg_pWB>.
    Found 1-bit register for signal <MemWrite_pEX>.
    Found 1-bit register for signal <MemWrite_pMEM>.
    Found 32-bit register for signal <PC_plus_4_pEX>.
    Found 32-bit register for signal <PC_plus_4_pMEM>.
    Found 32-bit register for signal <PC_plus_4_pWB>.
    Found 5-bit register for signal <Rd_pEX>.
    Found 5-bit register for signal <Rd_pMEM>.
    Found 5-bit register for signal <Rd_pWB>.
    Found 1-bit register for signal <RegDst_pEX>.
    Found 1-bit register for signal <RegWrite_pEX>.
    Found 1-bit register for signal <RegWrite_pMEM>.
    Found 1-bit register for signal <RegWrite_pWB>.
    Found 32-bit comparator equal for signal <Rs_equals_Rt$cmp_eq0000> created at line 641.
    Found 5-bit register for signal <Rs_pEX>.
    Found 5-bit register for signal <Rt_pEX>.
    Found 32-bit register for signal <sext_imm_reg>.
    Summary:
	inferred 334 D-type flip-flop(s).
	inferred   7 Comparator(s).
	inferred 128 Multiplexer(s).
	inferred  16 Tristate(s).
Unit <HW6_top> synthesized.

INFO:Xst:1767 - HDL ADVISOR - Resource sharing has identified that some arithmetic operations in this design can share the same physical resources for reduced device utilization. For improved clock frequency you may try to disable resource sharing.

=========================================================================
HDL Synthesis Report

Macro Statistics
# RAMs                                                 : 2
 32x32-bit dual-port RAM                               : 2
# Adders/Subtractors                                   : 4
 32-bit adder                                          : 2
 32-bit addsub                                         : 1
 33-bit subtractor                                     : 1
# Registers                                            : 32
 1-bit register                                        : 14
 2-bit register                                        : 1
 32-bit register                                       : 11
 5-bit register                                        : 5
 6-bit register                                        : 1
# Comparators                                          : 9
 32-bit comparator equal                               : 1
 5-bit comparator equal                                : 8
# Multiplexers                                         : 7
 32-bit 4-to-1 multiplexer                             : 6
 8-bit 4-to-1 multiplexer                              : 1
# Tristates                                            : 1
 16-bit tristate buffer                                : 1
# Xors                                                 : 1
 32-bit xor2                                           : 1

=========================================================================

=========================================================================
*                       Advanced HDL Synthesis                          *
=========================================================================

Reading core <../Src_4ISE/BYOC_Host_intf.ngc>.
Loading core <BYOC_Host_intf> for timing and area information for instance <hostintf>.

Synthesizing (advanced) Unit <dual_port_memory_no_CK_read>.
INFO:Xst:3218 - HDL ADVISOR - The RAM <Mram_Memory_array> will be implemented on LUTs either because you have described an asynchronous read or because of currently unsupported block RAM features. If you have described an asynchronous read, making it synchronous would allow you to take advantage of available block RAM resources, for optimized device usage and improved timings. Please refer to your documentation for coding guidelines.
    -----------------------------------------------------------------------
    | ram_type           | Distributed                         |          |
    -----------------------------------------------------------------------
    | Port A                                                              |
    |     aspect ratio   | 32-word x 32-bit                    |          |
    |     clkA           | connected to signal <wr_clk>        | rise     |
    |     weA            | connected to signal <wr_en>         | high     |
    |     addrA          | connected to signal <wr_address>    |          |
    |     diA            | connected to signal <wr_data>       |          |
    -----------------------------------------------------------------------
    | Port B                                                              |
    |     aspect ratio   | 32-word x 32-bit                    |          |
    |     addrB          | connected to signal <rd1_address>   |          |
    |     doB            | connected to signal <rd1_data>      |          |
    -----------------------------------------------------------------------
INFO:Xst:3218 - HDL ADVISOR - The RAM <Mram_Memory_array_ren> will be implemented on LUTs either because you have described an asynchronous read or because of currently unsupported block RAM features. If you have described an asynchronous read, making it synchronous would allow you to take advantage of available block RAM resources, for optimized device usage and improved timings. Please refer to your documentation for coding guidelines.
    -----------------------------------------------------------------------
    | ram_type           | Distributed                         |          |
    -----------------------------------------------------------------------
    | Port A                                                              |
    |     aspect ratio   | 32-word x 32-bit                    |          |
    |     clkA           | connected to signal <wr_clk>        | rise     |
    |     weA            | connected to signal <wr_en>         | high     |
    |     addrA          | connected to signal <wr_address>    |          |
    |     diA            | connected to signal <wr_data>       |          |
    -----------------------------------------------------------------------
    | Port B                                                              |
    |     aspect ratio   | 32-word x 32-bit                    |          |
    |     addrB          | connected to signal <rd2_address>   |          |
    |     doB            | connected to signal <rd2_data>      |          |
    -----------------------------------------------------------------------
Unit <dual_port_memory_no_CK_read> synthesized (advanced).

=========================================================================
Advanced HDL Synthesis Report

Macro Statistics
# RAMs                                                 : 2
 32x32-bit dual-port distributed RAM                   : 2
# Adders/Subtractors                                   : 4
 32-bit adder                                          : 2
 32-bit addsub                                         : 1
 33-bit subtractor                                     : 1
# Registers                                            : 399
 Flip-Flops                                            : 399
# Comparators                                          : 9
 32-bit comparator equal                               : 1
 5-bit comparator equal                                : 8
# Multiplexers                                         : 69
 1-bit 4-to-1 multiplexer                              : 64
 32-bit 4-to-1 multiplexer                             : 4
 8-bit 4-to-1 multiplexer                              : 1
# Xors                                                 : 1
 32-bit xor2                                           : 1

=========================================================================

=========================================================================
*                         Low Level Synthesis                           *
=========================================================================

Optimizing unit <HW6_top> ...

Optimizing unit <MIPS_ALU> ...

Optimizing unit <Fetch_Unit> ...

Optimizing unit <GPR> ...

Mapping all equations...
Building and optimizing final netlist ...
Found area constraint ratio of 100 (+ 5) on block HW6_top, actual ratio is 33.
INFO:Xst:2260 - The FF/Latch <Flash_intf_in_host_intf/end_of_copy> in Unit <hostintf> is equivalent to the following FF/Latch : <Flash_intf_in_host_intf/end_of_copy_1> 
INFO:Xst:2260 - The FF/Latch <Flash_intf_in_host_intf/end_of_copy> in Unit <hostintf> is equivalent to the following FF/Latch : <Flash_intf_in_host_intf/end_of_copy_1> 

Final Macro Processing ...

=========================================================================
Final Register Report

Macro Statistics
# Registers                                            : 399
 Flip-Flops                                            : 399

=========================================================================

=========================================================================
*                           Partition Report                            *
=========================================================================

Partition Implementation Status
-------------------------------

  No Partitions were found in this design.

-------------------------------

=========================================================================
*                            Final Report                               *
=========================================================================
Final Results
RTL Top Level Output File Name     : HW6_top.ngr
Top Level Output File Name         : HW6_top
Output Format                      : NGC
Optimization Goal                  : Speed
Keep Hierarchy                     : No

Design Statistics
# IOs                              : 91

Cell Usage :
# BELS                             : 3722
#      GND                         : 2
#      INV                         : 36
#      LUT1                        : 144
#      LUT2                        : 141
#      LUT2_D                      : 4
#      LUT2_L                      : 11
#      LUT3                        : 932
#      LUT3_D                      : 16
#      LUT3_L                      : 33
#      LUT4                        : 1175
#      LUT4_D                      : 109
#      LUT4_L                      : 161
#      MUXCY                       : 348
#      MUXF5                       : 245
#      MUXF6                       : 72
#      MUXF7                       : 32
#      VCC                         : 2
#      XORCY                       : 259
# FlipFlops/Latches                : 1116
#      FD                          : 71
#      FDC                         : 129
#      FDCE                        : 576
#      FDE                         : 236
#      FDP                         : 2
#      FDPE                        : 13
#      FDR                         : 17
#      FDRE                        : 62
#      FDRS                        : 1
#      FDS                         : 9
# RAMS                             : 141
#      RAM16X1D                    : 128
#      RAMB16_S18_S18              : 4
#      RAMB16_S36                  : 1
#      RAMB16_S4_S4                : 8
# Shift Registers                  : 3
#      SRL16E                      : 3
# Clock Buffers                    : 2
#      BUFG                        : 1
#      BUFGP                       : 1
# IO Buffers                       : 90
#      IBUF                        : 16
#      IOBUF                       : 16
#      OBUF                        : 58
=========================================================================

Device utilization summary:
---------------------------

Selected Device : 3s500efg320-5 

 Number of Slices:                     1610  out of   4656    34%  
 Number of Slice Flip Flops:           1116  out of   9312    11%  
 Number of 4 input LUTs:               3021  out of   9312    32%  
    Number used as logic:              2762
    Number used as Shift registers:       3
    Number used as RAMs:                256
 Number of IOs:                          91
 Number of bonded IOBs:                  91  out of    232    39%  
 Number of BRAMs:                        13  out of     20    65%  
 Number of GCLKs:                         2  out of     24     8%  

---------------------------
Partition Resource Summary:
---------------------------

  No Partitions were found in this design.

---------------------------


=========================================================================
TIMING REPORT

NOTE: THESE TIMING NUMBERS ARE ONLY A SYNTHESIS ESTIMATE.
      FOR ACCURATE TIMING INFORMATION PLEASE REFER TO THE TRACE REPORT
      GENERATED AFTER PLACE-and-ROUTE.

Clock Information:
------------------
-----------------------------------+------------------------+-------+
Clock Signal                       | Clock buffer(FF name)  | Load  |
-----------------------------------+------------------------+-------+
clock_divider/half_ck_signal       | BUFG                   | 1259  |
CK_50MHz                           | BUFGP                  | 1     |
-----------------------------------+------------------------+-------+

Asynchronous Control Signals Information:
----------------------------------------
--------------------------------------+----------------------------------------------------------+-------+
Control Signal                        | Buffer(FF name)                                          | Load  |
--------------------------------------+----------------------------------------------------------+-------+
RESET(RESET1:O)                       | NONE(ALUOP_pEX_0)                                        | 398   |
hostintf/MIPS_reset(hostintf/RESET1:O)| NONE(hostintf/Flash_intf_in_host_intf/CrntState_FSM_FFd1)| 289   |
buttons_in<3>                         | IBUF                                                     | 33    |
--------------------------------------+----------------------------------------------------------+-------+

Timing Summary:
---------------
Speed Grade: -5

   Minimum period: 18.940ns (Maximum Frequency: 52.797MHz)
   Minimum input arrival time before clock: 7.735ns
   Maximum output required time after clock: 10.682ns
   Maximum combinational path delay: 6.206ns

Timing Detail:
--------------
All values displayed in nanoseconds (ns)

=========================================================================
Timing constraint: Default period analysis for Clock 'clock_divider/half_ck_signal'
  Clock period: 18.940ns (frequency: 52.797MHz)
  Total number of paths / destination ports: 3993975 / 3815
-------------------------------------------------------------------------
Delay:               18.940ns (Levels of Logic = 31)
  Source:            hostintf/IMem_in_host_intf/Regular_IMem/Mram_Memory_array2 (RAM)
  Destination:       hostintf/Tx_data_reg_0 (FF)
  Source Clock:      clock_divider/half_ck_signal rising
  Destination Clock: clock_divider/half_ck_signal rising

  Data Path: hostintf/IMem_in_host_intf/Regular_IMem/Mram_Memory_array2 to hostintf/Tx_data_reg_0
                                Gate     Net
    Cell:in->out      fanout   Delay   Delay  Logical Name (Net Name)
    ----------------------------------------  ------------
     RAMB16_S18_S18:CLKA->DOA10    1   2.436   0.509  IMem_in_host_intf/Regular_IMem/Mram_Memory_array2 (IMem_in_host_intf/MIPS_IMem_rd_data_regular<28>)
     LUT4:I0->O           46   0.612   1.107  IMem_in_host_intf/Mmux_MIPS_IMem_rd_data211 (MIPS_IMem_rd_data<28>)
     end scope: 'hostintf'
     LUT4_D:I2->O         13   0.612   0.839  RegWrite11 (N2)
     LUT4:I3->O           36   0.612   1.104  Rt<3>1_1 (Rt<3>1)
     LUT4:I2->O            2   0.612   0.383  GPR_file/GPR_data_out2_and000067 (GPR_file/GPR_data_out2_and000067)
     LUT4:I3->O           16   0.612   0.882  GPR_file/GPR_data_out2_and000082 (GPR_file/GPR_data_out2_and0000)
     LUT4:I3->O            2   0.612   0.410  GPR_file/Mmux_GPR_data_out236 (GPR_rd_data2<1>)
     LUT3:I2->O            1   0.612   0.387  GPR_rd_data2_wt_fwd<1>1 (GPR_rd_data2_wt_fwd<1>)
     LUT4:I2->O            1   0.612   0.000  Mcompar_Rs_equals_Rt_cmp_eq0000_lut<0> (Mcompar_Rs_equals_Rt_cmp_eq0000_lut<0>)
     MUXCY:S->O            1   0.404   0.000  Mcompar_Rs_equals_Rt_cmp_eq0000_cy<0> (Mcompar_Rs_equals_Rt_cmp_eq0000_cy<0>)
     MUXCY:CI->O           1   0.051   0.000  Mcompar_Rs_equals_Rt_cmp_eq0000_cy<1> (Mcompar_Rs_equals_Rt_cmp_eq0000_cy<1>)
     MUXCY:CI->O           1   0.051   0.000  Mcompar_Rs_equals_Rt_cmp_eq0000_cy<2> (Mcompar_Rs_equals_Rt_cmp_eq0000_cy<2>)
     MUXCY:CI->O           1   0.051   0.000  Mcompar_Rs_equals_Rt_cmp_eq0000_cy<3> (Mcompar_Rs_equals_Rt_cmp_eq0000_cy<3>)
     MUXCY:CI->O           1   0.051   0.000  Mcompar_Rs_equals_Rt_cmp_eq0000_cy<4> (Mcompar_Rs_equals_Rt_cmp_eq0000_cy<4>)
     MUXCY:CI->O           1   0.051   0.000  Mcompar_Rs_equals_Rt_cmp_eq0000_cy<5> (Mcompar_Rs_equals_Rt_cmp_eq0000_cy<5>)
     MUXCY:CI->O           1   0.051   0.000  Mcompar_Rs_equals_Rt_cmp_eq0000_cy<6> (Mcompar_Rs_equals_Rt_cmp_eq0000_cy<6>)
     MUXCY:CI->O           1   0.051   0.000  Mcompar_Rs_equals_Rt_cmp_eq0000_cy<7> (Mcompar_Rs_equals_Rt_cmp_eq0000_cy<7>)
     MUXCY:CI->O           1   0.051   0.000  Mcompar_Rs_equals_Rt_cmp_eq0000_cy<8> (Mcompar_Rs_equals_Rt_cmp_eq0000_cy<8>)
     MUXCY:CI->O           1   0.051   0.000  Mcompar_Rs_equals_Rt_cmp_eq0000_cy<9> (Mcompar_Rs_equals_Rt_cmp_eq0000_cy<9>)
     MUXCY:CI->O           1   0.051   0.000  Mcompar_Rs_equals_Rt_cmp_eq0000_cy<10> (Mcompar_Rs_equals_Rt_cmp_eq0000_cy<10>)
     MUXCY:CI->O           1   0.051   0.000  Mcompar_Rs_equals_Rt_cmp_eq0000_cy<11> (Mcompar_Rs_equals_Rt_cmp_eq0000_cy<11>)
     MUXCY:CI->O           1   0.051   0.000  Mcompar_Rs_equals_Rt_cmp_eq0000_cy<12> (Mcompar_Rs_equals_Rt_cmp_eq0000_cy<12>)
     MUXCY:CI->O           1   0.051   0.000  Mcompar_Rs_equals_Rt_cmp_eq0000_cy<13> (Mcompar_Rs_equals_Rt_cmp_eq0000_cy<13>)
     MUXCY:CI->O           1   0.051   0.000  Mcompar_Rs_equals_Rt_cmp_eq0000_cy<14> (Mcompar_Rs_equals_Rt_cmp_eq0000_cy<14>)
     MUXCY:CI->O           4   0.399   0.568  Mcompar_Rs_equals_Rt_cmp_eq0000_cy<15> (Mcompar_Rs_equals_Rt_cmp_eq0000_cy<15>)
     begin scope: 'hostintf'
     LUT3:I1->O            1   0.612   0.000  Mmux_Host_RDBK_data_71 (Mmux_Host_RDBK_data_71)
     MUXF5:I0->O           1   0.278   0.000  Mmux_Host_RDBK_data_5_f5_0 (Mmux_Host_RDBK_data_5_f51)
     MUXF6:I1->O           1   0.451   0.000  Mmux_Host_RDBK_data_4_f6 (Mmux_Host_RDBK_data_4_f6)
     MUXF7:I0->O           1   0.451   0.360  Mmux_Host_RDBK_data_2_f7 (Host_RDBK_data<0>)
     LUT4_L:I3->LO         1   0.612   0.252  Host_MIPS_rd_data<0>_SW0_SW0 (N305)
     LUT4:I0->O            1   0.612   0.000  Host_MIPS_rd_data<0> (Host_MIPS_rd_data<0>)
     FDE:D                     0.268          Tx_data_reg_0
    ----------------------------------------
    Total                     18.940ns (12.141ns logic, 6.800ns route)
                                       (64.1% logic, 35.9% route)

=========================================================================
Timing constraint: Default period analysis for Clock 'CK_50MHz'
  Clock period: 1.689ns (frequency: 592.084MHz)
  Total number of paths / destination ports: 1 / 1
-------------------------------------------------------------------------
Delay:               1.689ns (Levels of Logic = 0)
  Source:            clock_divider/half_ck_signal (FF)
  Destination:       clock_divider/half_ck_signal (FF)
  Source Clock:      CK_50MHz rising
  Destination Clock: CK_50MHz rising

  Data Path: clock_divider/half_ck_signal to clock_divider/half_ck_signal
                                Gate     Net
    Cell:in->out      fanout   Delay   Delay  Logical Name (Net Name)
    ----------------------------------------  ------------
     FDR:C->Q              2   0.514   0.380  clock_divider/half_ck_signal (clock_divider/half_ck_signal)
     FDR:R                     0.795          clock_divider/half_ck_signal
    ----------------------------------------
    Total                      1.689ns (1.309ns logic, 0.380ns route)
                                       (77.5% logic, 22.5% route)

=========================================================================
Timing constraint: Default OFFSET IN BEFORE for Clock 'clock_divider/half_ck_signal'
  Total number of paths / destination ports: 2627 / 629
-------------------------------------------------------------------------
Offset:              7.735ns (Levels of Logic = 9)
  Source:            switches_in<0> (PAD)
  Destination:       hostintf/sevenseg_out_CKed_0 (FF)
  Destination Clock: clock_divider/half_ck_signal rising

  Data Path: switches_in<0> to hostintf/sevenseg_out_CKed_0
                                Gate     Net
    Cell:in->out      fanout   Delay   Delay  Logical Name (Net Name)
    ----------------------------------------  ------------
     IBUF:I->O            64   1.106   1.233  switches_in_0_IBUF (switches_in_0_IBUF)
     begin scope: 'hostintf'
     LUT3:I0->O            1   0.612   0.000  switches_in<1>_2_f5_31 (switches_in<1>_2_f5_31)
     MUXF5:I1->O           2   0.278   0.532  switches_in<1>_2_f5_2_f5_0 (switches_in<1>_mmx_out10)
     LUT2:I0->O            1   0.612   0.387  using_LED_monitor/digit_mux/Mmux_out_y_9 (using_LED_monitor/digit_mux/Mmux_out_y_9)
     LUT4:I2->O            1   0.612   0.000  using_LED_monitor/digit_mux/Mmux_out_y_4 (using_LED_monitor/digit_mux/Mmux_out_y_4)
     MUXF5:I1->O           1   0.278   0.000  using_LED_monitor/digit_mux/Mmux_out_y_3_f5 (using_LED_monitor/digit_mux/Mmux_out_y_3_f5)
     MUXF6:I1->O           7   0.451   0.754  using_LED_monitor/digit_mux/Mmux_out_y_2_f6 (using_LED_monitor/digit_value<0>1)
     LUT4:I0->O            1   0.612   0.000  using_LED_monitor/disply_7seg_decoder/Mrom_sevenseg21 (sevenseg_out_signal<2>)
     FD:D                      0.268          sevenseg_out_CKed_2
    ----------------------------------------
    Total                      7.735ns (4.829ns logic, 2.906ns route)
                                       (62.4% logic, 37.6% route)

=========================================================================
Timing constraint: Default OFFSET OUT AFTER for Clock 'clock_divider/half_ck_signal'
  Total number of paths / destination ports: 1431 / 64
-------------------------------------------------------------------------
Offset:              10.682ns (Levels of Logic = 8)
  Source:            hostintf/DMem_in_host_intf/Host_adrs_is_20M_hex_dlyd (FF)
  Destination:       Flash_data<6> (PAD)
  Source Clock:      clock_divider/half_ck_signal rising

  Data Path: hostintf/DMem_in_host_intf/Host_adrs_is_20M_hex_dlyd to Flash_data<6>
                                Gate     Net
    Cell:in->out      fanout   Delay   Delay  Logical Name (Net Name)
    ----------------------------------------  ------------
     FDR:C->Q             33   0.514   1.142  DMem_in_host_intf/Host_adrs_is_20M_hex_dlyd (DMem_in_host_intf/Host_adrs_is_20M_hex_dlyd)
     LUT3_D:I1->O         25   0.612   1.074  DMem_in_host_intf/Host_DMem_rd_data<0>11 (DMem_in_host_intf/N1)
     LUT4_L:I3->LO         1   0.612   0.130  DMem_in_host_intf/Host_DMem_rd_data<22>_SW0 (N188)
     LUT3:I2->O            2   0.612   0.532  DMem_in_host_intf/Host_DMem_rd_data<22> (Host_MIPS_DMem_rd_data<22>)
     LUT3:I0->O            1   0.612   0.000  Flash_intf_in_host_intf/Flash_wr_data<6>101_SW0_G (N600)
     MUXF5:I1->O           1   0.278   0.426  Flash_intf_in_host_intf/Flash_wr_data<6>101_SW0 (N533)
     LUT4:I1->O            1   0.612   0.357  Flash_intf_in_host_intf/Flash_wr_data<6>101 (Flash_wr_data<6>)
     end scope: 'hostintf'
     IOBUF:I->IO               3.169          Flash_data_6_IOBUF (Flash_data<6>)
    ----------------------------------------
    Total                     10.682ns (7.021ns logic, 3.661ns route)
                                       (65.7% logic, 34.3% route)

=========================================================================
Timing constraint: Default path analysis
  Total number of paths / destination ports: 2 / 2
-------------------------------------------------------------------------
Delay:               6.206ns (Levels of Logic = 3)
  Source:            switches_in<4> (PAD)
  Destination:       Flash_rp_n (PAD)

  Data Path: switches_in<4> to Flash_rp_n
                                Gate     Net
    Cell:in->out      fanout   Delay   Delay  Logical Name (Net Name)
    ----------------------------------------  ------------
     IBUF:I->O            17   1.106   0.962  switches_in_4_IBUF (switches_in_4_IBUF)
     LUT2:I1->O            1   0.612   0.357  Flash_rp_n1 (Flash_rp_n_OBUF)
     OBUF:I->O                 3.169          Flash_rp_n_OBUF (Flash_rp_n)
    ----------------------------------------
    Total                      6.206ns (4.887ns logic, 1.319ns route)
                                       (78.7% logic, 21.3% route)

=========================================================================


Total REAL time to Xst completion: 20.00 secs
Total CPU time to Xst completion: 19.56 secs
 
--> 

Total memory usage is 4617436 kilobytes

Number of errors   :    0 (   0 filtered)
Number of warnings :   11 (   0 filtered)
Number of infos    :    5 (   0 filtered)

