EN hw5_top NULL C:/Users/User/Documents/BYOC_HIT/Hagahsa/HW5/Simulation/Src_4Sim/HW5_top_4sim.vhd sub00/vhpl13 1557648701
PH byoc_filenames NULL C:/Users/User/Documents/BYOC_HIT/Hagahsa/HW5/Simulation/Src_4Sim/SIM_HW5_filenames.vhd sub00/vhpl02 1557648690
EN clock_driver NULL C:/Users/User/Documents/BYOC_HIT/Hagahsa/HW5/Simulation/Src_4Sim/BYOC_Clock_driver_4sim.vhd sub00/vhpl03 1557648691
EN byoc_tb_for_students NULL C:/Users/User/Documents/BYOC_HIT/Hagahsa/HW5/Simulation/Src_4Sim/SIM_HW5_TB.vhd sub00/vhpl15 1557648703
EN dual_port_memory_no_ck_read NULL C:/Users/User/Documents/BYOC_HIT/Hagahsa/HW5/Simulation/Src_4Sim/dual_port_memory_HIT.vhd sub00/vhpl00 1557648688
EN mips_alu NULL C:/Users/User/Documents/BYOC_HIT/Hagahsa/HW5/Simulation/Src_4Sim/MIPS_ALU_HIT.vhd sub00/vhpl11 1557648699
EN byoc_host_intf NULL C:/Users/User/Documents/BYOC_HIT/Hagahsa/HW5/Simulation/Src_4Sim/BYOC_Host_Intf_4sim.vhd sub00/vhpl05 1557648693
AR fetch_unit behavioral C:/Users/User/Documents/BYOC_HIT/Hagahsa/HW5/Simulation/Src_4Sim/fetch_unit_imp.vhd sub00/vhpl08 1557648696
EN fetch_unit NULL C:/Users/User/Documents/BYOC_HIT/Hagahsa/HW5/Simulation/Src_4Sim/fetch_unit_imp.vhd sub00/vhpl07 1557648695
AR hw5_top behavioral C:/Users/User/Documents/BYOC_HIT/Hagahsa/HW5/Simulation/Src_4Sim/HW5_top_4sim.vhd sub00/vhpl14 1557648702
AR gpr behavioral C:/Users/User/Documents/BYOC_HIT/Hagahsa/HW5/Simulation/Src_4Sim/GPR_HIT.vhd sub00/vhpl10 1557648698
AR mips_alu behavioral C:/Users/User/Documents/BYOC_HIT/Hagahsa/HW5/Simulation/Src_4Sim/MIPS_ALU_HIT.vhd sub00/vhpl12 1557648700
AR dual_port_memory_no_ck_read dual_port_memory C:/Users/User/Documents/BYOC_HIT/Hagahsa/HW5/Simulation/Src_4Sim/dual_port_memory_HIT.vhd sub00/vhpl01 1557648689
AR byoc_host_intf behavioral C:/Users/User/Documents/BYOC_HIT/Hagahsa/HW5/Simulation/Src_4Sim/BYOC_Host_Intf_4sim.vhd sub00/vhpl06 1557648694
EN gpr NULL C:/Users/User/Documents/BYOC_HIT/Hagahsa/HW5/Simulation/Src_4Sim/GPR_HIT.vhd sub00/vhpl09 1557648697
AR clock_driver clock_divider C:/Users/User/Documents/BYOC_HIT/Hagahsa/HW5/Simulation/Src_4Sim/BYOC_Clock_driver_4sim.vhd sub00/vhpl04 1557648692
