V3 33
FL C:/Users/User/Documents/BYOC_HIT/Hagahsa/HW5/Simulation/Src_4Sim/BYOC_Clock_driver_4sim.vhd 2018/11/03.13:06:42 P.20131013
EN work/Clock_Driver 1557648691 \
      FL C:/Users/User/Documents/BYOC_HIT/Hagahsa/HW5/Simulation/Src_4Sim/BYOC_Clock_driver_4sim.vhd \
      PB ieee/std_logic_1164 1381692176 PB ieee/STD_LOGIC_UNSIGNED 1381692179 \
      PB ieee/std_logic_arith 1381692177 PB ieee/NUMERIC_STD 1381692181
AR work/Clock_Driver/clock_divider 1557648692 \
      FL C:/Users/User/Documents/BYOC_HIT/Hagahsa/HW5/Simulation/Src_4Sim/BYOC_Clock_driver_4sim.vhd \
      EN work/Clock_Driver 1557648691
FL C:/Users/User/Documents/BYOC_HIT/Hagahsa/HW5/Simulation/Src_4Sim/BYOC_Host_Intf_4sim.vhd 2019/05/07.11:26:25 P.20131013
EN work/BYOC_Host_Intf 1557648693 \
      FL C:/Users/User/Documents/BYOC_HIT/Hagahsa/HW5/Simulation/Src_4Sim/BYOC_Host_Intf_4sim.vhd \
      PB ieee/std_logic_1164 1381692176 PB ieee/std_logic_arith 1381692177 \
      PB ieee/STD_LOGIC_UNSIGNED 1381692179 PB std/TEXTIO 1381692176 \
      PB ieee/NUMERIC_STD 1381692181 PH work/BYOC_filenames 1557648690
AR work/BYOC_Host_Intf/Behavioral 1557648694 \
      FL C:/Users/User/Documents/BYOC_HIT/Hagahsa/HW5/Simulation/Src_4Sim/BYOC_Host_Intf_4sim.vhd \
      EN work/BYOC_Host_Intf 1557648693
FL C:/Users/User/Documents/BYOC_HIT/Hagahsa/HW5/Simulation/Src_4Sim/dual_port_memory_HIT.vhd 2019/05/06.18:25:48 P.20131013
EN work/dual_port_memory_no_CK_read 1557648688 \
      FL C:/Users/User/Documents/BYOC_HIT/Hagahsa/HW5/Simulation/Src_4Sim/dual_port_memory_HIT.vhd \
      PB ieee/std_logic_1164 1381692176 PB ieee/std_logic_arith 1381692177
AR work/dual_port_memory_no_CK_read/dual_port_memory 1557648689 \
      FL C:/Users/User/Documents/BYOC_HIT/Hagahsa/HW5/Simulation/Src_4Sim/dual_port_memory_HIT.vhd \
      EN work/dual_port_memory_no_CK_read 1557648688
FL C:/Users/User/Documents/BYOC_HIT/Hagahsa/HW5/Simulation/Src_4Sim/fetch_unit_imp.vhd 2019/05/06.18:25:48 P.20131013
EN work/Fetch_Unit 1557648695 \
      FL C:/Users/User/Documents/BYOC_HIT/Hagahsa/HW5/Simulation/Src_4Sim/fetch_unit_imp.vhd \
      PB ieee/std_logic_1164 1381692176 PB ieee/std_logic_arith 1381692177 \
      PB ieee/STD_LOGIC_UNSIGNED 1381692179
AR work/Fetch_Unit/Behavioral 1557648696 \
      FL C:/Users/User/Documents/BYOC_HIT/Hagahsa/HW5/Simulation/Src_4Sim/fetch_unit_imp.vhd \
      EN work/Fetch_Unit 1557648695
FL C:/Users/User/Documents/BYOC_HIT/Hagahsa/HW5/Simulation/Src_4Sim/GPR_HIT.vhd 2019/05/06.18:25:48 P.20131013
EN work/GPR 1557648697 \
      FL C:/Users/User/Documents/BYOC_HIT/Hagahsa/HW5/Simulation/Src_4Sim/GPR_HIT.vhd \
      PB ieee/std_logic_1164 1381692176 PB ieee/std_logic_arith 1381692177 \
      PB ieee/STD_LOGIC_UNSIGNED 1381692179
AR work/GPR/Behavioral 1557648698 \
      FL C:/Users/User/Documents/BYOC_HIT/Hagahsa/HW5/Simulation/Src_4Sim/GPR_HIT.vhd \
      EN work/GPR 1557648697 CP dual_port_memory_no_CK_read
FL C:/Users/User/Documents/BYOC_HIT/Hagahsa/HW5/Simulation/Src_4Sim/HW5_top_4sim.vhd 2019/05/07.11:01:04 P.20131013
EN work/HW5_top 1557648701 \
      FL C:/Users/User/Documents/BYOC_HIT/Hagahsa/HW5/Simulation/Src_4Sim/HW5_top_4sim.vhd \
      PB ieee/std_logic_1164 1381692176 PB ieee/std_logic_arith 1381692177 \
      PB ieee/STD_LOGIC_UNSIGNED 1381692179
AR work/HW5_top/Behavioral 1557648702 \
      FL C:/Users/User/Documents/BYOC_HIT/Hagahsa/HW5/Simulation/Src_4Sim/HW5_top_4sim.vhd \
      EN work/HW5_top 1557648701 CP Clock_Driver CP BYOC_Host_intf CP Fetch_Unit \
      CP GPR CP MIPS_ALU
FL C:/Users/User/Documents/BYOC_HIT/Hagahsa/HW5/Simulation/Src_4Sim/MIPS_ALU_HIT.vhd 2019/05/06.18:25:48 P.20131013
EN work/MIPS_ALU 1557648699 \
      FL C:/Users/User/Documents/BYOC_HIT/Hagahsa/HW5/Simulation/Src_4Sim/MIPS_ALU_HIT.vhd \
      PB ieee/std_logic_1164 1381692176 PB ieee/std_logic_arith 1381692177 \
      PB ieee/STD_LOGIC_UNSIGNED 1381692179
AR work/MIPS_ALU/Behavioral 1557648700 \
      FL C:/Users/User/Documents/BYOC_HIT/Hagahsa/HW5/Simulation/Src_4Sim/MIPS_ALU_HIT.vhd \
      EN work/MIPS_ALU 1557648699
FL C:/Users/User/Documents/BYOC_HIT/Hagahsa/HW5/Simulation/Src_4Sim/SIM_HW5_filenames.vhd 2019/05/12.09:57:10 P.20131013
PH work/BYOC_filenames 1557648690 \
      FL C:/Users/User/Documents/BYOC_HIT/Hagahsa/HW5/Simulation/Src_4Sim/SIM_HW5_filenames.vhd \
      PB ieee/std_logic_1164 1381692176 PB ieee/std_logic_arith 1381692177 \
      PB ieee/STD_LOGIC_UNSIGNED 1381692179 PB std/TEXTIO 1381692176 \
      PB ieee/NUMERIC_STD 1381692181
EN work/BYOC_TB_for_students 0 \
      FL C:/Users/User/Documents/BYOC_HIT/Hagahsa/HW5/Simulation/Src_4Sim/SIM_HW5_TB.vhd \
      PB ieee/std_logic_arith 1381692177 PB ieee/STD_LOGIC_UNSIGNED 1381692179 \
      PB ieee/std_logic_1164 1381692176 PB std/TEXTIO 1381692176 \
      PB ieee/NUMERIC_STD 1381692181 PH work/BYOC_filenames 1557648690
AR work/BYOC_TB_for_students/Testing 0 \
      FL C:/Users/User/Documents/BYOC_HIT/Hagahsa/HW5/Simulation/Src_4Sim/SIM_HW5_TB.vhd \
      EN work/BYOC_TB_for_students 0 CP HW5_top
