V3 26
FL C:/Users/User/Documents/BYOC_HIT/HW5/Src_4ISE/BYOC_Clock_driver.vhd 2018/11/03.13:54:21 P.20131013
EN work/Clock_Driver 1557219160 \
      FL C:/Users/User/Documents/BYOC_HIT/HW5/Src_4ISE/BYOC_Clock_driver.vhd \
      PB ieee/std_logic_1164 1381692176 PB ieee/STD_LOGIC_UNSIGNED 1381692179 \
      PB ieee/std_logic_arith 1381692177 PB ieee/NUMERIC_STD 1381692181 LB unisim \
      PH unisim/VCOMPONENTS 1381692182
AR work/Clock_Driver/clock_divider 1557219161 \
      FL C:/Users/User/Documents/BYOC_HIT/HW5/Src_4ISE/BYOC_Clock_driver.vhd \
      EN work/Clock_Driver 1557219160 CP BUFG
FL C:/Users/User/Documents/BYOC_HIT/HW5/Src_4ISE/dual_port_memory_HIT.vhd 2019/05/06.18:25:48 P.20131013
EN work/dual_port_memory_no_CK_read 1557219158 \
      FL C:/Users/User/Documents/BYOC_HIT/HW5/Src_4ISE/dual_port_memory_HIT.vhd \
      PB ieee/std_logic_1164 1381692176 PB ieee/std_logic_arith 1381692177
AR work/dual_port_memory_no_CK_read/dual_port_memory 1557219159 \
      FL C:/Users/User/Documents/BYOC_HIT/HW5/Src_4ISE/dual_port_memory_HIT.vhd \
      EN work/dual_port_memory_no_CK_read 1557219158
FL C:/Users/User/Documents/BYOC_HIT/HW5/Src_4ISE/fetch_unit_imp.vhd 2019/05/06.18:25:48 P.20131013
EN work/Fetch_Unit 1557219162 \
      FL C:/Users/User/Documents/BYOC_HIT/HW5/Src_4ISE/fetch_unit_imp.vhd \
      PB ieee/std_logic_1164 1381692176 PB ieee/std_logic_arith 1381692177 \
      PB ieee/STD_LOGIC_UNSIGNED 1381692179
AR work/Fetch_Unit/Behavioral 1557219163 \
      FL C:/Users/User/Documents/BYOC_HIT/HW5/Src_4ISE/fetch_unit_imp.vhd \
      EN work/Fetch_Unit 1557219162
FL C:/Users/User/Documents/BYOC_HIT/HW5/Src_4ISE/GPR_HIT.vhd 2019/05/06.18:25:48 P.20131013
EN work/GPR 1557219164 \
      FL C:/Users/User/Documents/BYOC_HIT/HW5/Src_4ISE/GPR_HIT.vhd \
      PB ieee/std_logic_1164 1381692176 PB ieee/std_logic_arith 1381692177 \
      PB ieee/STD_LOGIC_UNSIGNED 1381692179
AR work/GPR/Behavioral 1557219165 \
      FL C:/Users/User/Documents/BYOC_HIT/HW5/Src_4ISE/GPR_HIT.vhd EN work/GPR 1557219164 \
      CP dual_port_memory_no_CK_read
FL C:/Users/User/Documents/BYOC_HIT/HW5/Src_4ISE/HW5_top.vhd 2019/05/07.11:47:39 P.20131013
EN work/HW5_top 1557219168 \
      FL C:/Users/User/Documents/BYOC_HIT/HW5/Src_4ISE/HW5_top.vhd \
      PB ieee/std_logic_1164 1381692176 PB ieee/std_logic_arith 1381692177 \
      PB ieee/STD_LOGIC_UNSIGNED 1381692179
AR work/HW5_top/Behavioral 1557219169 \
      FL C:/Users/User/Documents/BYOC_HIT/HW5/Src_4ISE/HW5_top.vhd \
      EN work/HW5_top 1557219168 CP Clock_Driver CP BYOC_Host_intf CP Fetch_Unit \
      CP GPR CP MIPS_ALU
FL C:/Users/User/Documents/BYOC_HIT/HW5/Src_4ISE/MIPS_ALU_HIT.vhd 2019/05/06.18:25:48 P.20131013
EN work/MIPS_ALU 1557219166 \
      FL C:/Users/User/Documents/BYOC_HIT/HW5/Src_4ISE/MIPS_ALU_HIT.vhd \
      PB ieee/std_logic_1164 1381692176 PB ieee/std_logic_arith 1381692177 \
      PB ieee/STD_LOGIC_UNSIGNED 1381692179
AR work/MIPS_ALU/Behavioral 1557219167 \
      FL C:/Users/User/Documents/BYOC_HIT/HW5/Src_4ISE/MIPS_ALU_HIT.vhd \
      EN work/MIPS_ALU 1557219166
