AR hw6_top behavioral C:/Users/User/Documents/BYOC_HIT/HW6/Src_4ISE/HW6_top.vhd sub00/vhpl11 1558856454
EN clock_driver NULL C:/Users/User/Documents/BYOC_HIT/HW6/Src_4ISE/BYOC_Clock_driver.vhd sub00/vhpl02 1558856445
EN dual_port_memory_no_ck_read NULL C:/Users/User/Documents/BYOC_HIT/HW6/Src_4ISE/dual_port_memory_HIT.vhd sub00/vhpl00 1558856443
EN hw6_top NULL C:/Users/User/Documents/BYOC_HIT/HW6/Src_4ISE/HW6_top.vhd sub00/vhpl10 1558856453
EN mips_alu NULL C:/Users/User/Documents/BYOC_HIT/HW6/Src_4ISE/MIPS_ALU_HIT.vhd sub00/vhpl08 1558856451
AR fetch_unit behavioral C:/Users/User/Documents/BYOC_HIT/HW6/Src_4ISE/fetch_unit_imp.vhd sub00/vhpl05 1558856448
EN fetch_unit NULL C:/Users/User/Documents/BYOC_HIT/HW6/Src_4ISE/fetch_unit_imp.vhd sub00/vhpl04 1558856447
AR gpr behavioral C:/Users/User/Documents/BYOC_HIT/HW6/Src_4ISE/GPR_HIT.vhd sub00/vhpl07 1558856450
AR mips_alu behavioral C:/Users/User/Documents/BYOC_HIT/HW6/Src_4ISE/MIPS_ALU_HIT.vhd sub00/vhpl09 1558856452
AR dual_port_memory_no_ck_read dual_port_memory C:/Users/User/Documents/BYOC_HIT/HW6/Src_4ISE/dual_port_memory_HIT.vhd sub00/vhpl01 1558856444
EN gpr NULL C:/Users/User/Documents/BYOC_HIT/HW6/Src_4ISE/GPR_HIT.vhd sub00/vhpl06 1558856449
AR clock_driver clock_divider C:/Users/User/Documents/BYOC_HIT/HW6/Src_4ISE/BYOC_Clock_driver.vhd sub00/vhpl03 1558856446
