V3 14
FL C:/Users/User/Documents/VHDL/HW2/Src_4ISE/BYOC_Clock_driver.vhd 2018/11/03.13:54:22 P.20131013
EN work/Clock_Driver 1557147373 \
      FL C:/Users/User/Documents/VHDL/HW2/Src_4ISE/BYOC_Clock_driver.vhd \
      PB ieee/std_logic_1164 1381692176 PB ieee/STD_LOGIC_UNSIGNED 1381692179 \
      PB ieee/std_logic_arith 1381692177 PB ieee/NUMERIC_STD 1381692181 LB unisim \
      PH unisim/VCOMPONENTS 1381692182
AR work/Clock_Driver/clock_divider 1557147374 \
      FL C:/Users/User/Documents/VHDL/HW2/Src_4ISE/BYOC_Clock_driver.vhd \
      EN work/Clock_Driver 1557147373 CP BUFG
FL C:/Users/User/Documents/VHDL/HW2/Src_4ISE/Fetch_Unit.vhd 2019/05/06.15:27:27 P.20131013
EN work/Fetch_Unit 1557147375 \
      FL C:/Users/User/Documents/VHDL/HW2/Src_4ISE/Fetch_Unit.vhd \
      PB ieee/std_logic_1164 1381692176 PB ieee/std_logic_arith 1381692177 \
      PB ieee/STD_LOGIC_UNSIGNED 1381692179
AR work/Fetch_Unit/Behavioral 1557147376 \
      FL C:/Users/User/Documents/VHDL/HW2/Src_4ISE/Fetch_Unit.vhd \
      EN work/Fetch_Unit 1557147375
FL C:/Users/User/Documents/VHDL/HW2/Src_4ISE/HW2_top.vhd 2019/05/06.15:56:10 P.20131013
EN work/HW2_top 1557147377 \
      FL C:/Users/User/Documents/VHDL/HW2/Src_4ISE/HW2_top.vhd \
      PB ieee/std_logic_1164 1381692176 PB ieee/std_logic_arith 1381692177 \
      PB ieee/STD_LOGIC_UNSIGNED 1381692179
AR work/HW2_top/Behavioral 1557147378 \
      FL C:/Users/User/Documents/VHDL/HW2/Src_4ISE/HW2_top.vhd EN work/HW2_top 1557147377 \
      CP Clock_Driver CP BYOC_Host_intf CP Fetch_Unit
